задание: 2.1.4
проект: 211-command-usb
устройство: 2e8a:000a
серийный номер: E6614104034E9E2F
порт: COM3
начало: 2026-09-29T01:39:25
   0.000 --> fw_info
   0.156 <-- fw_info
   0.156 <-- dbg read_line:121 got fw_info
   0.156 <-- object          address    value
   0.156 <-- main            0x10000401 0xb5f0
   0.172 <-- fw_info         0x1000067d 0x4b3e
   0.172 <-- commands        0x10007ca4
   0.172 <-- - enable        0x10000281
   0.172 <-- - disable       0x100002bd
   0.172 <-- - info          0x100002f9
   0.172 <-- - version       0x10000301
   0.172 <-- - ping          0x10000309
   0.172 <-- - mem_info      0x10000319
   0.172 <-- - fw_info       0x10000321
   0.187 <-- DEVICE_PROJECT  0x1000778c 211-command-usb
   0.187 <-- DEVICE_BOARD    0x100077e4 pico
   0.187 <-- data_variable   0x20000f44 101
   0.187 <-- bss_variable    0x20001f0c 1
   0.187 <-- stack_variable  0x20041f84 1946
   0.187 <-- heap_variable   0x20002408 1951
   2.184 --> fw_info
   2.340 <-- fw_info
   2.340 <-- dbg read_line:121 got fw_info
   2.340 <-- object          address    value
   2.356 <-- main            0x10000401 0xb5f0
   2.356 <-- fw_info         0x1000067d 0x4b3e
   2.356 <-- commands        0x10007ca4
   2.356 <-- - enable        0x10000281
   2.356 <-- - disable       0x100002bd
   2.356 <-- - info          0x100002f9
   2.356 <-- - version       0x10000301
   2.356 <-- - ping          0x10000309
   2.356 <-- - mem_info      0x10000319
   2.356 <-- - fw_info       0x10000321
   2.356 <-- DEVICE_PROJECT  0x1000778c 211-command-usb
   2.371 <-- DEVICE_BOARD    0x100077e4 pico
   2.371 <-- data_variable   0x20000f44 102
   2.371 <-- bss_variable    0x20001f0c 2
   2.371 <-- stack_variable  0x20041f84 1946
   2.371 <-- heap_variable   0x20002408 1951
   4.368 --> fw_info
   4.524 <-- fw_info
   4.524 <-- dbg read_line:121 got fw_info
   4.540 <-- object          address    value
   4.540 <-- main            0x10000401 0xb5f0
   4.540 <-- fw_info         0x1000067d 0x4b3e
   4.540 <-- commands        0x10007ca4
   4.540 <-- - enable        0x10000281
   4.540 <-- - disable       0x100002bd
   4.540 <-- - info          0x100002f9
   4.540 <-- - version       0x10000301
   4.540 <-- - ping          0x10000309
   4.540 <-- - mem_info      0x10000319
   4.540 <-- - fw_info       0x10000321
   4.555 <-- DEVICE_PROJECT  0x1000778c 211-command-usb
   4.555 <-- DEVICE_BOARD    0x100077e4 pico
   4.555 <-- data_variable   0x20000f44 103
   4.555 <-- bss_variable    0x20001f0c 3
   4.555 <-- stack_variable  0x20041f84 1946
   4.555 <-- heap_variable   0x20002408 1951
итог: отправлено команд 3, принято строк 57
