задание: 2.1.3
проект: 211-command-usb
устройство: 2e8a:000a
серийный номер: E6614104034E9E2F
порт: COM3
начало: 2026-09-28T23:01:36
   0.000 --> mem_info
   0.156 <-- mem_info
   0.156 <-- dbg read_line:115 got mem_info
   0.171 <-- area       start      end        size
   0.171 <-- flash      0x10000000 0x10200000  2097152
   0.171 <-- sram       0x20000000 0x20042000   270336
   0.171 <-- rom        0x00000000 0x00004000    16384
   0.171 <-- image      0x10000000 0x10008564    34148
   0.171 <-- free       0x10008564 0x10200000  2063004
   0.171 <-- boot2      0x10000000 0x10000100      256
   0.171 <-- text       0x10000100 0x100075f4    29940
   0.171 <-- data flash 0x100075f4 0x10008564     3952
   0.187 <-- data ram   0x200000c0 0x20001030     3952
   0.187 <-- bss        0x20001030 0x20001c6c     3132
   0.187 <-- heap       0x20001c6c 0x20040000   254868
   0.187 <-- stack      0x20041800 0x20042000     2048
   0.187 <-- total
   0.187 <-- flash image     34148 = boot2 256 + text 29940 + data 3952
   0.187 <-- flash free    2063004 of 2097152
   0.187 <-- ram used         7084 = data 3952 + bss 3132
   0.187 <-- ram free       254868 for heap and 2048 for stack
итог: отправлено команд 1, принято строк 20
