задание: 2.1.6
проект: 211-command-usb
устройство: 2e8a:000a
серийный номер: E6614104034E9E2F
порт: COM3
начало: 2026-10-01T19:16:39
   0.000 --> boot_info
   0.187 <-- boot_info
   0.187 <-- vector table    0x10000100
   0.187 <-- stack top     0x20042000
   0.187 <-- reset         0x100001f7
   0.187 <-- reset (even)  0x100001f6
   0.203 <-- gpio in         0xd0000004
   0.203 <-- led bit       1
   0.203 <-- gpio_get      1
   2.200 --> enable
   2.324 <-- enable
   2.324 <-- inf cmd_enable:40 led on
   4.337 --> boot_info
   4.524 <-- boot_info
   4.540 <-- vector table    0x10000100
   4.540 <-- stack top     0x20042000
   4.540 <-- reset         0x100001f7
   4.540 <-- reset (even)  0x100001f6
   4.540 <-- gpio in         0xd0000004
   4.540 <-- led bit       1
   4.540 <-- gpio_get      1
   6.536 --> disable
   6.692 <-- disable
   6.692 <-- inf cmd_disable:46 led off
   8.689 --> boot_info
   8.892 <-- boot_info
   8.892 <-- vector table    0x10000100
   8.892 <-- stack top     0x20042000
   8.892 <-- reset         0x100001f7
   8.892 <-- reset (even)  0x100001f6
   8.908 <-- gpio in         0xd0000004
   8.908 <-- led bit       0
   8.908 <-- gpio_get      0
итог: отправлено команд 5, принято строк 28
